./before_after_14_metrics.csv: OK
./benchmark.log: OK
./benchmark_report.json: OK
./binary_sha256.txt: OK
./calibrated_fit.csv: OK
./clean_build.log: OK
./clean_configure.log: OK
./closure_report.md: OK
./command_lane_counterexample.json: OK
./command_trace_evidence.json: OK
./complete_trace_validation.log: OK
./config_source_parameter_diff.patch: OK
./ctest.log: OK
./directional_memory_evidence.json: OK
./dram_timing_basis.json: OK
./effective_profile.ini: OK
./evidence_manifest.json: OK
./formal_validation.log: OK
./git_state.txt: OK
./gzip_validation.log: OK
./implementation_commit.txt: OK
./implementation_sha.txt: OK
./json_validation.log: OK
./legacy_regression.log: OK
./manifest_validation.log: OK
./mapping_distribution_evidence.json: OK
./metric_table.csv: OK
./model_sensitivity.csv: OK
./model_sensitivity.json: OK
./model_sensitivity.log: OK
./occupancy_reconstruction_counterexample.json: OK
./openspec.log: OK
./parameter_diff.json: OK
./partition_sensitivity.json: OK
./partition_sensitivity.log: OK
./priority_incremental_table.csv: OK
./priority_trace_evidence.json: OK
./profiles/model_baseline.ini: OK
./profiles/model_direction_switching_slow.ini: OK
./profiles/model_dram_timing_fast.ini: OK
./profiles/model_dram_timing_slow.ini: OK
./profiles/model_legacy_12_28_timing.ini: OK
./profiles/model_neighbor_delay_0.ini: OK
./profiles/model_neighbor_delay_4.ini: OK
./profiles/model_row_first_interleave_2.ini: OK
./profiles/model_single_hbm_stack_128gbps.ini: OK
./profiles/model_write_timing_slow.ini: OK
./profiles/partition_4mib.ini: OK
./profiles/partition_5mib.ini: OK
./profiles/partition_6mib.ini: OK
./raw/paper_paper_gcn_citeseer_latency-aware_independent_sparse-off_priority-batch-class_mapping-low-bits_seed-1_scope-aggregation_layer-0.csv: OK
./raw/paper_paper_gcn_citeseer_latency-aware_independent_sparse-off_priority-batch-class_mapping-low-bits_seed-1_scope-aggregation_layer-0.json.gz: OK
./raw/paper_paper_gcn_citeseer_latency-aware_independent_sparse-on_priority-batch-class_mapping-low-bits_seed-1_layer-0.csv: OK
./raw/paper_paper_gcn_citeseer_latency-aware_independent_sparse-on_priority-batch-class_mapping-low-bits_seed-1_layer-0.json.gz: OK
./raw/paper_paper_gcn_citeseer_latency-aware_independent_sparse-on_priority-batch-class_mapping-low-bits_seed-1_scope-aggregation_layer-0.csv: OK
./raw/paper_paper_gcn_citeseer_latency-aware_independent_sparse-on_priority-batch-class_mapping-low-bits_seed-1_scope-aggregation_layer-0.json.gz: OK
./raw/paper_paper_gcn_citeseer_latency-aware_independent_sparse-on_priority-batch-class_mapping-row-first_seed-1_layer-0.csv: OK
./raw/paper_paper_gcn_citeseer_latency-aware_independent_sparse-on_priority-batch-class_mapping-row-first_seed-1_layer-0.json.gz: OK
./raw/paper_paper_gcn_citeseer_latency-aware_independent_sparse-on_priority-fifo_mapping-low-bits_seed-1_layer-0.csv: OK
./raw/paper_paper_gcn_citeseer_latency-aware_independent_sparse-on_priority-fifo_mapping-low-bits_seed-1_layer-0.json.gz: OK
./raw/paper_paper_gcn_citeseer_latency-aware_independent_sparse-on_priority-fifo_mapping-row-first_seed-1_layer-0.csv: OK
./raw/paper_paper_gcn_citeseer_latency-aware_independent_sparse-on_priority-fifo_mapping-row-first_seed-1_layer-0.json.gz: OK
./raw/paper_paper_gcn_citeseer_sequential_independent_sparse-on_priority-batch-class_mapping-low-bits_seed-1_layer-0.csv: OK
./raw/paper_paper_gcn_citeseer_sequential_independent_sparse-on_priority-batch-class_mapping-low-bits_seed-1_layer-0.json.gz: OK
./raw/paper_paper_gcn_cora_latency-aware_independent_sparse-off_priority-batch-class_mapping-low-bits_seed-1_scope-aggregation_layer-0.csv: OK
./raw/paper_paper_gcn_cora_latency-aware_independent_sparse-off_priority-batch-class_mapping-low-bits_seed-1_scope-aggregation_layer-0.json.gz: OK
./raw/paper_paper_gcn_cora_latency-aware_independent_sparse-on_priority-batch-class_mapping-low-bits_seed-1_layer-0.csv: OK
./raw/paper_paper_gcn_cora_latency-aware_independent_sparse-on_priority-batch-class_mapping-low-bits_seed-1_layer-0.json.gz: OK
./raw/paper_paper_gcn_cora_latency-aware_independent_sparse-on_priority-batch-class_mapping-low-bits_seed-1_scope-aggregation_layer-0.csv: OK
./raw/paper_paper_gcn_cora_latency-aware_independent_sparse-on_priority-batch-class_mapping-low-bits_seed-1_scope-aggregation_layer-0.json.gz: OK
./raw/paper_paper_gcn_cora_latency-aware_independent_sparse-on_priority-batch-class_mapping-row-first_seed-1_layer-0.csv: OK
./raw/paper_paper_gcn_cora_latency-aware_independent_sparse-on_priority-batch-class_mapping-row-first_seed-1_layer-0.json.gz: OK
./raw/paper_paper_gcn_cora_latency-aware_independent_sparse-on_priority-fifo_mapping-low-bits_seed-1_layer-0.csv: OK
./raw/paper_paper_gcn_cora_latency-aware_independent_sparse-on_priority-fifo_mapping-low-bits_seed-1_layer-0.json.gz: OK
./raw/paper_paper_gcn_cora_latency-aware_independent_sparse-on_priority-fifo_mapping-row-first_seed-1_layer-0.csv: OK
./raw/paper_paper_gcn_cora_latency-aware_independent_sparse-on_priority-fifo_mapping-row-first_seed-1_layer-0.json.gz: OK
./raw/paper_paper_gcn_cora_sequential_independent_sparse-on_priority-batch-class_mapping-low-bits_seed-1_layer-0.csv: OK
./raw/paper_paper_gcn_cora_sequential_independent_sparse-on_priority-batch-class_mapping-low-bits_seed-1_layer-0.json.gz: OK
./raw/paper_paper_gcn_pubmed_latency-aware_independent_sparse-off_priority-batch-class_mapping-low-bits_seed-1_scope-aggregation_layer-0.csv: OK
./raw/paper_paper_gcn_pubmed_latency-aware_independent_sparse-off_priority-batch-class_mapping-low-bits_seed-1_scope-aggregation_layer-0.json.gz: OK
./raw/paper_paper_gcn_pubmed_latency-aware_independent_sparse-on_priority-batch-class_mapping-low-bits_seed-1_layer-0.csv: OK
./raw/paper_paper_gcn_pubmed_latency-aware_independent_sparse-on_priority-batch-class_mapping-low-bits_seed-1_layer-0.json.gz: OK
./raw/paper_paper_gcn_pubmed_latency-aware_independent_sparse-on_priority-batch-class_mapping-low-bits_seed-1_scope-aggregation_layer-0.csv: OK
./raw/paper_paper_gcn_pubmed_latency-aware_independent_sparse-on_priority-batch-class_mapping-low-bits_seed-1_scope-aggregation_layer-0.json.gz: OK
./raw/paper_paper_gcn_pubmed_latency-aware_independent_sparse-on_priority-batch-class_mapping-row-first_seed-1_layer-0.csv: OK
./raw/paper_paper_gcn_pubmed_latency-aware_independent_sparse-on_priority-batch-class_mapping-row-first_seed-1_layer-0.json.gz: OK
./raw/paper_paper_gcn_pubmed_latency-aware_independent_sparse-on_priority-fifo_mapping-low-bits_seed-1_layer-0.csv: OK
./raw/paper_paper_gcn_pubmed_latency-aware_independent_sparse-on_priority-fifo_mapping-low-bits_seed-1_layer-0.json.gz: OK
./raw/paper_paper_gcn_pubmed_latency-aware_independent_sparse-on_priority-fifo_mapping-row-first_seed-1_layer-0.csv: OK
./raw/paper_paper_gcn_pubmed_latency-aware_independent_sparse-on_priority-fifo_mapping-row-first_seed-1_layer-0.json.gz: OK
./raw/paper_paper_gcn_pubmed_sequential_independent_sparse-on_priority-batch-class_mapping-low-bits_seed-1_layer-0.csv: OK
./raw/paper_paper_gcn_pubmed_sequential_independent_sparse-on_priority-batch-class_mapping-low-bits_seed-1_layer-0.json.gz: OK
./raw_file_manifest.csv: OK
./raw_lossless_validation.log: OK
./reference_metrics.json: OK
./revision_parameter_diff.json: OK
./scope_invariants.json: OK
./sequential_traffic.json: OK
./text_hygiene.log: OK
./transaction_admission_evidence.json: OK
./unit.log: OK
./v8_revision_no_retuning_audit.json: OK
./validation.log: OK
./validation_report.md: OK
./workload_manifest.json: OK
