[ 13%] Building CXX object dramsim3/CMakeFiles/dramsim3.dir/src/channel_state.cc.o
[ 13%] Building CXX object dramsim3/CMakeFiles/dramsim3.dir/src/command_queue.cc.o
[ 13%] Building CXX object dramsim3/CMakeFiles/dramsim3.dir/src/bankstate.cc.o
[ 13%] Building CXX object dramsim3/CMakeFiles/dramsim3.dir/src/common.cc.o
[ 16%] Building CXX object dramsim3/CMakeFiles/dramsim3.dir/src/configuration.cc.o
[ 20%] Building CXX object dramsim3/CMakeFiles/dramsim3.dir/src/controller.cc.o
[ 23%] Building CXX object dramsim3/CMakeFiles/dramsim3.dir/src/dram_system.cc.o
[ 26%] Building CXX object dramsim3/CMakeFiles/dramsim3.dir/src/hmc.cc.o
[ 30%] Building CXX object dramsim3/CMakeFiles/dramsim3.dir/src/refresh.cc.o
[ 33%] Building CXX object dramsim3/CMakeFiles/dramsim3.dir/src/simple_stats.cc.o
[ 36%] Building CXX object dramsim3/CMakeFiles/dramsim3.dir/src/timing.cc.o
[ 40%] Building CXX object dramsim3/CMakeFiles/dramsim3.dir/src/memory_system.cc.o
[ 43%] Linking CXX static library libdramsim3.a
[ 43%] Built target dramsim3
[ 50%] Building CXX object CMakeFiles/HyGCN.dir/hygcn/config.cpp.o
[ 50%] Building CXX object CMakeFiles/HyGCN.dir/hygcn/dataflow/comb.cpp.o
[ 56%] Building CXX object CMakeFiles/HyGCN.dir/hygcn/dataflow/aggr.cpp.o
[ 56%] Building CXX object CMakeFiles/HyGCN.dir/hygcn/dataflow/event.cpp.o
[ 60%] Building CXX object CMakeFiles/HyGCN.dir/hygcn/graph.cpp.o
[ 63%] Building CXX object CMakeFiles/HyGCN.dir/hygcn/hardware/coordinator.cpp.o
[ 66%] Building CXX object CMakeFiles/HyGCN.dir/hygcn/hardware/simd.cpp.o
[ 70%] Building CXX object CMakeFiles/HyGCN.dir/hygcn/hardware/spm.cpp.o
[ 73%] Building CXX object CMakeFiles/HyGCN.dir/hygcn/hardware/systolic_arr.cpp.o
[ 76%] Building CXX object CMakeFiles/HyGCN.dir/hygcn/hygcn.cpp.o
[ 80%] Building CXX object CMakeFiles/HyGCN.dir/hygcn/paper_sim.cpp.o
[ 83%] Building CXX object CMakeFiles/HyGCN.dir/hygcn/tool.cpp.o
[ 86%] Linking CXX static library libHyGCN.a
[ 86%] Built target HyGCN
[ 90%] Building CXX object CMakeFiles/hygcn_unit_tests.dir/hygcn_test/unit.cpp.o
[ 93%] Building CXX object CMakeFiles/hygcntest.dir/hygcn_test/test.cpp.o
[ 96%] Linking CXX executable hygcn_unit_tests
[ 96%] Built target hygcn_unit_tests
[100%] Linking CXX executable hygcntest
[100%] Built target hygcntest
