config=PASS
window_evidence={"neighbors":[0,2,4,6],"window":[0,7],"address":0,"bytes":448,"internal_holes":3,"transactions":7}
F01_window_sliding_shrinking=PASS
edge_chunk_boundaries=PASS
output_address=PASS
combination_parallelism_evidence={"batches":1,"rows":64,"active_modules":8,"batch_waves":1}
systolic_model=PASS
hbm_layout_mapping=PASS
priority_trace_evidence={"edge0_complete":24,"input0_enqueue":24,"priority_input_issue":66,"fifo_input_issue":104,"priority_reorders":1}
coordinator_ordering=PASS
fifo_window_evidence={"first_window_final_issue":26,"final_admission":26,"admissions":[[0,4],[1,4],[2,4],[3,4],[26,4]]}
V5_01_transaction_admission_bandwidth=PASS
directional_hbm_evidence={"read_peak":2,"write_peak":1,"read_issue":14,"write_issue":36,"switch_stall":16}
V6_01_directional_hbm_queues_and_timing=PASS
occupancy_reconstruction_evidence={"admitted_read":4,"admitted_write":4,"dispatched_read":4,"dispatched_write":4}
V7_02_reconstructable_directional_occupancy_trace=PASS
command_recovery_evidence={"write_write_cycles":71,"write_read_cycles":81,"read_write_cycles":67}
V7_01_command_level_row_recovery=PASS
command_lane_evidence={"same_row_read_issues":[14,18],"cross_bank_pre":36,"cross_bank_read":34,"events":11,"backpressure_events":8,"checksum":"b0ca767fa2023898"}
V8_01_channel_command_lane_and_data_issue=PASS
bandwidth_scope_counterexample={"immediate_service_cycles":72,"delayed_service_cycles":152,"immediate_active_cycles":26,"delayed_active_cycles":26,"immediate_wall_utilization":0.0833333,"delayed_wall_utilization":0.0394737,"immediate_active_utilization":0.230769,"delayed_active_utilization":0.230769}
V4_01_memory_service_bandwidth_scope=PASS
fragmentation_evidence={"priority":"fifo","blocks":128,"coalesced_cycles":278,"fragmented_cycles":278,"row_hits":64,"row_misses":64}
fragmentation_evidence={"priority":"batch-class","blocks":128,"coalesced_cycles":278,"fragmented_cycles":278,"row_hits":64,"row_misses":64}
F02_fragmentation_invariance=PASS
aggregation_buffer=PASS
event_spm_guards=PASS
aggregation_operations=PASS
simulation_determinism=PASS
policy_matrix=PASS
feature_dispersion_address_bounds=PASS
pipeline_batching=PASS
producer_dependency_evidence={"output_requests":5,"intermediate_pairs":5,"latest_read_completion":570,"ce_start":570}
F03_producer_and_RAW_dependencies=PASS
all unit tests passed
