res/review-v6/bandwidth_scope_counterexample.json: OK
res/review-v6/benchmark.log: OK
res/review-v6/benchmark_report.json: OK
res/review-v6/binary_sha256.txt: OK
res/review-v6/calibrated_fit.csv: OK
res/review-v6/calibrated_fit_disclosure.json: OK
res/review-v6/clean_build.log: OK
res/review-v6/clean_configure.log: OK
res/review-v6/closure_report.md: OK
res/review-v6/config_source_parameter_diff.patch: OK
res/review-v6/ctest.log: OK
res/review-v6/effective_profile.ini: OK
res/review-v6/evidence_manifest.json: OK
res/review-v6/formal_validation.log: OK
res/review-v6/git_state.txt: OK
res/review-v6/implementation_commit.txt: OK
res/review-v6/implementation_sha.txt: OK
res/review-v6/json_validation.log: OK
res/review-v6/legacy_regression.log: OK
res/review-v6/mapping_distribution_evidence.json: OK
res/review-v6/metric_table.csv: OK
res/review-v6/model_profile_baseline.ini: OK
res/review-v6/model_profile_dram_timing_fast.ini: OK
res/review-v6/model_profile_dram_timing_slow.ini: OK
res/review-v6/model_profile_legacy_12_28_timing.ini: OK
res/review-v6/model_profile_neighbor_delay_0.ini: OK
res/review-v6/model_profile_neighbor_delay_4.ini: OK
res/review-v6/model_profile_row_first_interleave_2.ini: OK
res/review-v6/model_sensitivity.csv: OK
res/review-v6/model_sensitivity.json: OK
res/review-v6/model_sensitivity.log: OK
res/review-v6/openspec.log: OK
res/review-v6/paper_paper_gcn_citeseer_latency-aware_independent_sparse-off_priority-batch-class_mapping-low-bits_seed-1_scope-aggregation_layer-0.csv: OK
res/review-v6/paper_paper_gcn_citeseer_latency-aware_independent_sparse-off_priority-batch-class_mapping-low-bits_seed-1_scope-aggregation_layer-0.json: OK
res/review-v6/paper_paper_gcn_citeseer_latency-aware_independent_sparse-on_priority-batch-class_mapping-low-bits_seed-1_layer-0.csv: OK
res/review-v6/paper_paper_gcn_citeseer_latency-aware_independent_sparse-on_priority-batch-class_mapping-low-bits_seed-1_layer-0.json: OK
res/review-v6/paper_paper_gcn_citeseer_latency-aware_independent_sparse-on_priority-batch-class_mapping-low-bits_seed-1_scope-aggregation_layer-0.csv: OK
res/review-v6/paper_paper_gcn_citeseer_latency-aware_independent_sparse-on_priority-batch-class_mapping-low-bits_seed-1_scope-aggregation_layer-0.json: OK
res/review-v6/paper_paper_gcn_citeseer_latency-aware_independent_sparse-on_priority-batch-class_mapping-row-first_seed-1_layer-0.csv: OK
res/review-v6/paper_paper_gcn_citeseer_latency-aware_independent_sparse-on_priority-batch-class_mapping-row-first_seed-1_layer-0.json: OK
res/review-v6/paper_paper_gcn_citeseer_latency-aware_independent_sparse-on_priority-fifo_mapping-low-bits_seed-1_layer-0.csv: OK
res/review-v6/paper_paper_gcn_citeseer_latency-aware_independent_sparse-on_priority-fifo_mapping-low-bits_seed-1_layer-0.json: OK
res/review-v6/paper_paper_gcn_citeseer_latency-aware_independent_sparse-on_priority-fifo_mapping-row-first_seed-1_layer-0.csv: OK
res/review-v6/paper_paper_gcn_citeseer_latency-aware_independent_sparse-on_priority-fifo_mapping-row-first_seed-1_layer-0.json: OK
res/review-v6/paper_paper_gcn_citeseer_sequential_independent_sparse-on_priority-batch-class_mapping-low-bits_seed-1_layer-0.csv: OK
res/review-v6/paper_paper_gcn_citeseer_sequential_independent_sparse-on_priority-batch-class_mapping-low-bits_seed-1_layer-0.json: OK
res/review-v6/paper_paper_gcn_cora_latency-aware_independent_sparse-off_priority-batch-class_mapping-low-bits_seed-1_scope-aggregation_layer-0.csv: OK
res/review-v6/paper_paper_gcn_cora_latency-aware_independent_sparse-off_priority-batch-class_mapping-low-bits_seed-1_scope-aggregation_layer-0.json: OK
res/review-v6/paper_paper_gcn_cora_latency-aware_independent_sparse-on_priority-batch-class_mapping-low-bits_seed-1_layer-0.csv: OK
res/review-v6/paper_paper_gcn_cora_latency-aware_independent_sparse-on_priority-batch-class_mapping-low-bits_seed-1_layer-0.json: OK
res/review-v6/paper_paper_gcn_cora_latency-aware_independent_sparse-on_priority-batch-class_mapping-low-bits_seed-1_scope-aggregation_layer-0.csv: OK
res/review-v6/paper_paper_gcn_cora_latency-aware_independent_sparse-on_priority-batch-class_mapping-low-bits_seed-1_scope-aggregation_layer-0.json: OK
res/review-v6/paper_paper_gcn_cora_latency-aware_independent_sparse-on_priority-batch-class_mapping-row-first_seed-1_layer-0.csv: OK
res/review-v6/paper_paper_gcn_cora_latency-aware_independent_sparse-on_priority-batch-class_mapping-row-first_seed-1_layer-0.json: OK
res/review-v6/paper_paper_gcn_cora_latency-aware_independent_sparse-on_priority-fifo_mapping-low-bits_seed-1_layer-0.csv: OK
res/review-v6/paper_paper_gcn_cora_latency-aware_independent_sparse-on_priority-fifo_mapping-low-bits_seed-1_layer-0.json: OK
res/review-v6/paper_paper_gcn_cora_latency-aware_independent_sparse-on_priority-fifo_mapping-row-first_seed-1_layer-0.csv: OK
res/review-v6/paper_paper_gcn_cora_latency-aware_independent_sparse-on_priority-fifo_mapping-row-first_seed-1_layer-0.json: OK
res/review-v6/paper_paper_gcn_cora_sequential_independent_sparse-on_priority-batch-class_mapping-low-bits_seed-1_layer-0.csv: OK
res/review-v6/paper_paper_gcn_cora_sequential_independent_sparse-on_priority-batch-class_mapping-low-bits_seed-1_layer-0.json: OK
res/review-v6/paper_paper_gcn_pubmed_latency-aware_independent_sparse-off_priority-batch-class_mapping-low-bits_seed-1_scope-aggregation_layer-0.csv: OK
res/review-v6/paper_paper_gcn_pubmed_latency-aware_independent_sparse-off_priority-batch-class_mapping-low-bits_seed-1_scope-aggregation_layer-0.json: OK
res/review-v6/paper_paper_gcn_pubmed_latency-aware_independent_sparse-on_priority-batch-class_mapping-low-bits_seed-1_layer-0.csv: OK
res/review-v6/paper_paper_gcn_pubmed_latency-aware_independent_sparse-on_priority-batch-class_mapping-low-bits_seed-1_layer-0.json: OK
res/review-v6/paper_paper_gcn_pubmed_latency-aware_independent_sparse-on_priority-batch-class_mapping-low-bits_seed-1_scope-aggregation_layer-0.csv: OK
res/review-v6/paper_paper_gcn_pubmed_latency-aware_independent_sparse-on_priority-batch-class_mapping-low-bits_seed-1_scope-aggregation_layer-0.json: OK
res/review-v6/paper_paper_gcn_pubmed_latency-aware_independent_sparse-on_priority-batch-class_mapping-row-first_seed-1_layer-0.csv: OK
res/review-v6/paper_paper_gcn_pubmed_latency-aware_independent_sparse-on_priority-batch-class_mapping-row-first_seed-1_layer-0.json: OK
res/review-v6/paper_paper_gcn_pubmed_latency-aware_independent_sparse-on_priority-fifo_mapping-low-bits_seed-1_layer-0.csv: OK
res/review-v6/paper_paper_gcn_pubmed_latency-aware_independent_sparse-on_priority-fifo_mapping-low-bits_seed-1_layer-0.json: OK
res/review-v6/paper_paper_gcn_pubmed_latency-aware_independent_sparse-on_priority-fifo_mapping-row-first_seed-1_layer-0.csv: OK
res/review-v6/paper_paper_gcn_pubmed_latency-aware_independent_sparse-on_priority-fifo_mapping-row-first_seed-1_layer-0.json: OK
res/review-v6/paper_paper_gcn_pubmed_sequential_independent_sparse-on_priority-batch-class_mapping-low-bits_seed-1_layer-0.csv: OK
res/review-v6/paper_paper_gcn_pubmed_sequential_independent_sparse-on_priority-batch-class_mapping-low-bits_seed-1_layer-0.json: OK
res/review-v6/parameter_baseline.json: OK
res/review-v6/parameter_diff.json: OK
res/review-v6/partition_sensitivity.json: OK
res/review-v6/partition_sensitivity.log: OK
res/review-v6/priority_incremental_table.csv: OK
res/review-v6/priority_trace_evidence.json: OK
res/review-v6/producer_timeline.csv: OK
res/review-v6/reference_manifest.log: OK
res/review-v6/request_class_row_hits.csv: OK
res/review-v6/scope_invariants.json: OK
res/review-v6/sensitivity_4mib.ini: OK
res/review-v6/sensitivity_5mib.ini: OK
res/review-v6/sensitivity_6mib.ini: OK
res/review-v6/sequential_traffic.json: OK
res/review-v6/text_hygiene.log: OK
res/review-v6/transaction_admission_evidence.json: OK
res/review-v6/unit.log: OK
res/review-v6/validation.log: OK
res/review-v6/validation_report.md: OK
res/review-v6/window_requests.csv: OK
res/review-v6/workload_manifest.json: OK
