res/review-v7/before_after_14_metrics.csv: OK
res/review-v7/benchmark.log: OK
res/review-v7/benchmark_report.json: OK
res/review-v7/binary_sha256.txt: OK
res/review-v7/calibrated_fit.csv: OK
res/review-v7/clean_build.log: OK
res/review-v7/clean_configure.log: OK
res/review-v7/closure_report.md: OK
res/review-v7/complete_trace_validation.log: OK
res/review-v7/config_source_parameter_diff.patch: OK
res/review-v7/ctest.log: OK
res/review-v7/directional_memory_evidence.json: OK
res/review-v7/directional_queue_counterexample.json: OK
res/review-v7/dram_timing_basis.json: OK
res/review-v7/effective_profile.ini: OK
res/review-v7/evidence_manifest.json: OK
res/review-v7/formal_validation.log: OK
res/review-v7/git_state.txt: OK
res/review-v7/gzip_validation.log: OK
res/review-v7/implementation_commit.txt: OK
res/review-v7/implementation_sha.txt: OK
res/review-v7/json_validation.log: OK
res/review-v7/legacy_regression.log: OK
res/review-v7/manifest_validation.log: OK
res/review-v7/mapping_distribution_evidence.json: OK
res/review-v7/metric_table.csv: OK
res/review-v7/model_sensitivity.csv: OK
res/review-v7/model_sensitivity.json: OK
res/review-v7/model_sensitivity.log: OK
res/review-v7/openspec.log: OK
res/review-v7/parameter_diff.json: OK
res/review-v7/partition_sensitivity.json: OK
res/review-v7/partition_sensitivity.log: OK
res/review-v7/priority_incremental_table.csv: OK
res/review-v7/priority_trace_evidence.json: OK
res/review-v7/profiles/model_baseline.ini: OK
res/review-v7/profiles/model_direction_switching_slow.ini: OK
res/review-v7/profiles/model_dram_timing_fast.ini: OK
res/review-v7/profiles/model_dram_timing_slow.ini: OK
res/review-v7/profiles/model_legacy_12_28_timing.ini: OK
res/review-v7/profiles/model_neighbor_delay_0.ini: OK
res/review-v7/profiles/model_neighbor_delay_4.ini: OK
res/review-v7/profiles/model_row_first_interleave_2.ini: OK
res/review-v7/profiles/model_write_timing_slow.ini: OK
res/review-v7/profiles/partition_4mib.ini: OK
res/review-v7/profiles/partition_5mib.ini: OK
res/review-v7/profiles/partition_6mib.ini: OK
res/review-v7/raw/paper_paper_gcn_citeseer_latency-aware_independent_sparse-off_priority-batch-class_mapping-low-bits_seed-1_scope-aggregation_layer-0.csv: OK
res/review-v7/raw/paper_paper_gcn_citeseer_latency-aware_independent_sparse-off_priority-batch-class_mapping-low-bits_seed-1_scope-aggregation_layer-0.json.gz: OK
res/review-v7/raw/paper_paper_gcn_citeseer_latency-aware_independent_sparse-on_priority-batch-class_mapping-low-bits_seed-1_layer-0.csv: OK
res/review-v7/raw/paper_paper_gcn_citeseer_latency-aware_independent_sparse-on_priority-batch-class_mapping-low-bits_seed-1_layer-0.json.gz: OK
res/review-v7/raw/paper_paper_gcn_citeseer_latency-aware_independent_sparse-on_priority-batch-class_mapping-low-bits_seed-1_scope-aggregation_layer-0.csv: OK
res/review-v7/raw/paper_paper_gcn_citeseer_latency-aware_independent_sparse-on_priority-batch-class_mapping-low-bits_seed-1_scope-aggregation_layer-0.json.gz: OK
res/review-v7/raw/paper_paper_gcn_citeseer_latency-aware_independent_sparse-on_priority-batch-class_mapping-row-first_seed-1_layer-0.csv: OK
res/review-v7/raw/paper_paper_gcn_citeseer_latency-aware_independent_sparse-on_priority-batch-class_mapping-row-first_seed-1_layer-0.json.gz: OK
res/review-v7/raw/paper_paper_gcn_citeseer_latency-aware_independent_sparse-on_priority-fifo_mapping-low-bits_seed-1_layer-0.csv: OK
res/review-v7/raw/paper_paper_gcn_citeseer_latency-aware_independent_sparse-on_priority-fifo_mapping-low-bits_seed-1_layer-0.json.gz: OK
res/review-v7/raw/paper_paper_gcn_citeseer_latency-aware_independent_sparse-on_priority-fifo_mapping-row-first_seed-1_layer-0.csv: OK
res/review-v7/raw/paper_paper_gcn_citeseer_latency-aware_independent_sparse-on_priority-fifo_mapping-row-first_seed-1_layer-0.json.gz: OK
res/review-v7/raw/paper_paper_gcn_citeseer_sequential_independent_sparse-on_priority-batch-class_mapping-low-bits_seed-1_layer-0.csv: OK
res/review-v7/raw/paper_paper_gcn_citeseer_sequential_independent_sparse-on_priority-batch-class_mapping-low-bits_seed-1_layer-0.json.gz: OK
res/review-v7/raw/paper_paper_gcn_cora_latency-aware_independent_sparse-off_priority-batch-class_mapping-low-bits_seed-1_scope-aggregation_layer-0.csv: OK
res/review-v7/raw/paper_paper_gcn_cora_latency-aware_independent_sparse-off_priority-batch-class_mapping-low-bits_seed-1_scope-aggregation_layer-0.json.gz: OK
res/review-v7/raw/paper_paper_gcn_cora_latency-aware_independent_sparse-on_priority-batch-class_mapping-low-bits_seed-1_layer-0.csv: OK
res/review-v7/raw/paper_paper_gcn_cora_latency-aware_independent_sparse-on_priority-batch-class_mapping-low-bits_seed-1_layer-0.json.gz: OK
res/review-v7/raw/paper_paper_gcn_cora_latency-aware_independent_sparse-on_priority-batch-class_mapping-low-bits_seed-1_scope-aggregation_layer-0.csv: OK
res/review-v7/raw/paper_paper_gcn_cora_latency-aware_independent_sparse-on_priority-batch-class_mapping-low-bits_seed-1_scope-aggregation_layer-0.json.gz: OK
res/review-v7/raw/paper_paper_gcn_cora_latency-aware_independent_sparse-on_priority-batch-class_mapping-row-first_seed-1_layer-0.csv: OK
res/review-v7/raw/paper_paper_gcn_cora_latency-aware_independent_sparse-on_priority-batch-class_mapping-row-first_seed-1_layer-0.json.gz: OK
res/review-v7/raw/paper_paper_gcn_cora_latency-aware_independent_sparse-on_priority-fifo_mapping-low-bits_seed-1_layer-0.csv: OK
res/review-v7/raw/paper_paper_gcn_cora_latency-aware_independent_sparse-on_priority-fifo_mapping-low-bits_seed-1_layer-0.json.gz: OK
res/review-v7/raw/paper_paper_gcn_cora_latency-aware_independent_sparse-on_priority-fifo_mapping-row-first_seed-1_layer-0.csv: OK
res/review-v7/raw/paper_paper_gcn_cora_latency-aware_independent_sparse-on_priority-fifo_mapping-row-first_seed-1_layer-0.json.gz: OK
res/review-v7/raw/paper_paper_gcn_cora_sequential_independent_sparse-on_priority-batch-class_mapping-low-bits_seed-1_layer-0.csv: OK
res/review-v7/raw/paper_paper_gcn_cora_sequential_independent_sparse-on_priority-batch-class_mapping-low-bits_seed-1_layer-0.json.gz: OK
res/review-v7/raw/paper_paper_gcn_pubmed_latency-aware_independent_sparse-off_priority-batch-class_mapping-low-bits_seed-1_scope-aggregation_layer-0.csv: OK
res/review-v7/raw/paper_paper_gcn_pubmed_latency-aware_independent_sparse-off_priority-batch-class_mapping-low-bits_seed-1_scope-aggregation_layer-0.json.gz: OK
res/review-v7/raw/paper_paper_gcn_pubmed_latency-aware_independent_sparse-on_priority-batch-class_mapping-low-bits_seed-1_layer-0.csv: OK
res/review-v7/raw/paper_paper_gcn_pubmed_latency-aware_independent_sparse-on_priority-batch-class_mapping-low-bits_seed-1_layer-0.json.gz: OK
res/review-v7/raw/paper_paper_gcn_pubmed_latency-aware_independent_sparse-on_priority-batch-class_mapping-low-bits_seed-1_scope-aggregation_layer-0.csv: OK
res/review-v7/raw/paper_paper_gcn_pubmed_latency-aware_independent_sparse-on_priority-batch-class_mapping-low-bits_seed-1_scope-aggregation_layer-0.json.gz: OK
res/review-v7/raw/paper_paper_gcn_pubmed_latency-aware_independent_sparse-on_priority-batch-class_mapping-row-first_seed-1_layer-0.csv: OK
res/review-v7/raw/paper_paper_gcn_pubmed_latency-aware_independent_sparse-on_priority-batch-class_mapping-row-first_seed-1_layer-0.json.gz: OK
res/review-v7/raw/paper_paper_gcn_pubmed_latency-aware_independent_sparse-on_priority-fifo_mapping-low-bits_seed-1_layer-0.csv: OK
res/review-v7/raw/paper_paper_gcn_pubmed_latency-aware_independent_sparse-on_priority-fifo_mapping-low-bits_seed-1_layer-0.json.gz: OK
res/review-v7/raw/paper_paper_gcn_pubmed_latency-aware_independent_sparse-on_priority-fifo_mapping-row-first_seed-1_layer-0.csv: OK
res/review-v7/raw/paper_paper_gcn_pubmed_latency-aware_independent_sparse-on_priority-fifo_mapping-row-first_seed-1_layer-0.json.gz: OK
res/review-v7/raw/paper_paper_gcn_pubmed_sequential_independent_sparse-on_priority-batch-class_mapping-low-bits_seed-1_layer-0.csv: OK
res/review-v7/raw/paper_paper_gcn_pubmed_sequential_independent_sparse-on_priority-batch-class_mapping-low-bits_seed-1_layer-0.json.gz: OK
res/review-v7/raw_file_manifest.csv: OK
res/review-v7/raw_lossless_validation.log: OK
res/review-v7/reference_metrics.json: OK
res/review-v7/revision_parameter_diff.json: OK
res/review-v7/scope_invariants.json: OK
res/review-v7/sequential_traffic.json: OK
res/review-v7/text_hygiene.log: OK
res/review-v7/transaction_admission_evidence.json: OK
res/review-v7/unit.log: OK
res/review-v7/validation.log: OK
res/review-v7/validation_report.md: OK
res/review-v7/workload_manifest.json: OK
