res/review-v13-final-bb5d5d8/before_after_metric_delta.csv: OK
res/review-v13-final-bb5d5d8/benchmark.log: OK
res/review-v13-final-bb5d5d8/benchmark_report.json: OK
res/review-v13-final-bb5d5d8/binary_source_sha256.txt: OK
res/review-v13-final-bb5d5d8/clean_build.log: OK
res/review-v13-final-bb5d5d8/clean_configure.log: OK
res/review-v13-final-bb5d5d8/closure_report.md: OK
res/review-v13-final-bb5d5d8/complete_trace_evidence.json: OK
res/review-v13-final-bb5d5d8/complete_trace_validation.log: OK
res/review-v13-final-bb5d5d8/config_source_parameter_diff.patch: OK
res/review-v13-final-bb5d5d8/ctest.log: OK
res/review-v13-final-bb5d5d8/effective_profile.ini: OK
res/review-v13-final-bb5d5d8/evidence_manifest.json: OK
res/review-v13-final-bb5d5d8/fifo_window_sensitivity.csv: OK
res/review-v13-final-bb5d5d8/fifo_window_sensitivity.json: OK
res/review-v13-final-bb5d5d8/fifo_window_sensitivity.log: OK
res/review-v13-final-bb5d5d8/fig17_mechanism_investigation.md: OK
res/review-v13-final-bb5d5d8/git_state_pre_evidence.txt: OK
res/review-v13-final-bb5d5d8/gzip_validation.log: OK
res/review-v13-final-bb5d5d8/implementation_commit.txt: OK
res/review-v13-final-bb5d5d8/legacy_regression.log: OK
res/review-v13-final-bb5d5d8/manifest_validation.log: OK
res/review-v13-final-bb5d5d8/metric_table.csv: OK
res/review-v13-final-bb5d5d8/model_sensitivity.csv: OK
res/review-v13-final-bb5d5d8/model_sensitivity.json: OK
res/review-v13-final-bb5d5d8/model_sensitivity.log: OK
res/review-v13-final-bb5d5d8/openspec.log: OK
res/review-v13-final-bb5d5d8/partition_sensitivity.csv: OK
res/review-v13-final-bb5d5d8/partition_sensitivity.json: OK
res/review-v13-final-bb5d5d8/partition_sensitivity.log: OK
res/review-v13-final-bb5d5d8/profiles/HYGCN_PAPER.ini: OK
res/review-v13-final-bb5d5d8/profiles/fifo_1.ini: OK
res/review-v13-final-bb5d5d8/profiles/fifo_2.ini: OK
res/review-v13-final-bb5d5d8/profiles/fifo_4.ini: OK
res/review-v13-final-bb5d5d8/profiles/fifo_512.ini: OK
res/review-v13-final-bb5d5d8/profiles/fifo_8.ini: OK
res/review-v13-final-bb5d5d8/profiles/fifo_unbounded.ini: OK
res/review-v13-final-bb5d5d8/profiles/model_baseline.ini: OK
res/review-v13-final-bb5d5d8/profiles/model_direction_switching_slow.ini: OK
res/review-v13-final-bb5d5d8/profiles/model_dram_timing_fast.ini: OK
res/review-v13-final-bb5d5d8/profiles/model_dram_timing_slow.ini: OK
res/review-v13-final-bb5d5d8/profiles/model_legacy_12_28_timing.ini: OK
res/review-v13-final-bb5d5d8/profiles/model_neighbor_delay_0.ini: OK
res/review-v13-final-bb5d5d8/profiles/model_neighbor_delay_4.ini: OK
res/review-v13-final-bb5d5d8/profiles/model_row_first_interleave_2.ini: OK
res/review-v13-final-bb5d5d8/profiles/model_single_hbm_stack_128gbps.ini: OK
res/review-v13-final-bb5d5d8/profiles/model_write_timing_slow.ini: OK
res/review-v13-final-bb5d5d8/profiles/partition_4mib.ini: OK
res/review-v13-final-bb5d5d8/profiles/partition_5mib.ini: OK
res/review-v13-final-bb5d5d8/profiles/partition_6mib.ini: OK
res/review-v13-final-bb5d5d8/raw/paper_paper_gcn_citeseer_latency-aware_independent_sparse-off_priority-batch-class_mapping-low-bits_seed-1_scope-aggregation_layer-0.csv: OK
res/review-v13-final-bb5d5d8/raw/paper_paper_gcn_citeseer_latency-aware_independent_sparse-off_priority-batch-class_mapping-low-bits_seed-1_scope-aggregation_layer-0.json.gz: OK
res/review-v13-final-bb5d5d8/raw/paper_paper_gcn_citeseer_latency-aware_independent_sparse-on_priority-batch-class_mapping-low-bits_seed-1_layer-0.csv: OK
res/review-v13-final-bb5d5d8/raw/paper_paper_gcn_citeseer_latency-aware_independent_sparse-on_priority-batch-class_mapping-low-bits_seed-1_layer-0.json.gz: OK
res/review-v13-final-bb5d5d8/raw/paper_paper_gcn_citeseer_latency-aware_independent_sparse-on_priority-batch-class_mapping-low-bits_seed-1_scope-aggregation_layer-0.csv: OK
res/review-v13-final-bb5d5d8/raw/paper_paper_gcn_citeseer_latency-aware_independent_sparse-on_priority-batch-class_mapping-low-bits_seed-1_scope-aggregation_layer-0.json.gz: OK
res/review-v13-final-bb5d5d8/raw/paper_paper_gcn_citeseer_latency-aware_independent_sparse-on_priority-batch-class_mapping-row-first_seed-1_layer-0.csv: OK
res/review-v13-final-bb5d5d8/raw/paper_paper_gcn_citeseer_latency-aware_independent_sparse-on_priority-batch-class_mapping-row-first_seed-1_layer-0.json.gz: OK
res/review-v13-final-bb5d5d8/raw/paper_paper_gcn_citeseer_latency-aware_independent_sparse-on_priority-fifo_mapping-low-bits_seed-1_layer-0.csv: OK
res/review-v13-final-bb5d5d8/raw/paper_paper_gcn_citeseer_latency-aware_independent_sparse-on_priority-fifo_mapping-low-bits_seed-1_layer-0.json.gz: OK
res/review-v13-final-bb5d5d8/raw/paper_paper_gcn_citeseer_latency-aware_independent_sparse-on_priority-fifo_mapping-row-first_seed-1_layer-0.csv: OK
res/review-v13-final-bb5d5d8/raw/paper_paper_gcn_citeseer_latency-aware_independent_sparse-on_priority-fifo_mapping-row-first_seed-1_layer-0.json.gz: OK
res/review-v13-final-bb5d5d8/raw/paper_paper_gcn_citeseer_sequential_independent_sparse-on_priority-batch-class_mapping-low-bits_seed-1_layer-0.csv: OK
res/review-v13-final-bb5d5d8/raw/paper_paper_gcn_citeseer_sequential_independent_sparse-on_priority-batch-class_mapping-low-bits_seed-1_layer-0.json.gz: OK
res/review-v13-final-bb5d5d8/raw/paper_paper_gcn_cora_latency-aware_independent_sparse-off_priority-batch-class_mapping-low-bits_seed-1_scope-aggregation_layer-0.csv: OK
res/review-v13-final-bb5d5d8/raw/paper_paper_gcn_cora_latency-aware_independent_sparse-off_priority-batch-class_mapping-low-bits_seed-1_scope-aggregation_layer-0.json.gz: OK
res/review-v13-final-bb5d5d8/raw/paper_paper_gcn_cora_latency-aware_independent_sparse-on_priority-batch-class_mapping-low-bits_seed-1_layer-0.csv: OK
res/review-v13-final-bb5d5d8/raw/paper_paper_gcn_cora_latency-aware_independent_sparse-on_priority-batch-class_mapping-low-bits_seed-1_layer-0.json.gz: OK
res/review-v13-final-bb5d5d8/raw/paper_paper_gcn_cora_latency-aware_independent_sparse-on_priority-batch-class_mapping-low-bits_seed-1_scope-aggregation_layer-0.csv: OK
res/review-v13-final-bb5d5d8/raw/paper_paper_gcn_cora_latency-aware_independent_sparse-on_priority-batch-class_mapping-low-bits_seed-1_scope-aggregation_layer-0.json.gz: OK
res/review-v13-final-bb5d5d8/raw/paper_paper_gcn_cora_latency-aware_independent_sparse-on_priority-batch-class_mapping-row-first_seed-1_layer-0.csv: OK
res/review-v13-final-bb5d5d8/raw/paper_paper_gcn_cora_latency-aware_independent_sparse-on_priority-batch-class_mapping-row-first_seed-1_layer-0.json.gz: OK
res/review-v13-final-bb5d5d8/raw/paper_paper_gcn_cora_latency-aware_independent_sparse-on_priority-fifo_mapping-low-bits_seed-1_layer-0.csv: OK
res/review-v13-final-bb5d5d8/raw/paper_paper_gcn_cora_latency-aware_independent_sparse-on_priority-fifo_mapping-low-bits_seed-1_layer-0.json.gz: OK
res/review-v13-final-bb5d5d8/raw/paper_paper_gcn_cora_latency-aware_independent_sparse-on_priority-fifo_mapping-row-first_seed-1_layer-0.csv: OK
res/review-v13-final-bb5d5d8/raw/paper_paper_gcn_cora_latency-aware_independent_sparse-on_priority-fifo_mapping-row-first_seed-1_layer-0.json.gz: OK
res/review-v13-final-bb5d5d8/raw/paper_paper_gcn_cora_sequential_independent_sparse-on_priority-batch-class_mapping-low-bits_seed-1_layer-0.csv: OK
res/review-v13-final-bb5d5d8/raw/paper_paper_gcn_cora_sequential_independent_sparse-on_priority-batch-class_mapping-low-bits_seed-1_layer-0.json.gz: OK
res/review-v13-final-bb5d5d8/raw/paper_paper_gcn_pubmed_latency-aware_independent_sparse-off_priority-batch-class_mapping-low-bits_seed-1_scope-aggregation_layer-0.csv: OK
res/review-v13-final-bb5d5d8/raw/paper_paper_gcn_pubmed_latency-aware_independent_sparse-off_priority-batch-class_mapping-low-bits_seed-1_scope-aggregation_layer-0.json.gz: OK
res/review-v13-final-bb5d5d8/raw/paper_paper_gcn_pubmed_latency-aware_independent_sparse-on_priority-batch-class_mapping-low-bits_seed-1_layer-0.csv: OK
res/review-v13-final-bb5d5d8/raw/paper_paper_gcn_pubmed_latency-aware_independent_sparse-on_priority-batch-class_mapping-low-bits_seed-1_layer-0.json.gz: OK
res/review-v13-final-bb5d5d8/raw/paper_paper_gcn_pubmed_latency-aware_independent_sparse-on_priority-batch-class_mapping-low-bits_seed-1_scope-aggregation_layer-0.csv: OK
res/review-v13-final-bb5d5d8/raw/paper_paper_gcn_pubmed_latency-aware_independent_sparse-on_priority-batch-class_mapping-low-bits_seed-1_scope-aggregation_layer-0.json.gz: OK
res/review-v13-final-bb5d5d8/raw/paper_paper_gcn_pubmed_latency-aware_independent_sparse-on_priority-batch-class_mapping-row-first_seed-1_layer-0.csv: OK
res/review-v13-final-bb5d5d8/raw/paper_paper_gcn_pubmed_latency-aware_independent_sparse-on_priority-batch-class_mapping-row-first_seed-1_layer-0.json.gz: OK
res/review-v13-final-bb5d5d8/raw/paper_paper_gcn_pubmed_latency-aware_independent_sparse-on_priority-fifo_mapping-low-bits_seed-1_layer-0.csv: OK
res/review-v13-final-bb5d5d8/raw/paper_paper_gcn_pubmed_latency-aware_independent_sparse-on_priority-fifo_mapping-low-bits_seed-1_layer-0.json.gz: OK
res/review-v13-final-bb5d5d8/raw/paper_paper_gcn_pubmed_latency-aware_independent_sparse-on_priority-fifo_mapping-row-first_seed-1_layer-0.csv: OK
res/review-v13-final-bb5d5d8/raw/paper_paper_gcn_pubmed_latency-aware_independent_sparse-on_priority-fifo_mapping-row-first_seed-1_layer-0.json.gz: OK
res/review-v13-final-bb5d5d8/raw/paper_paper_gcn_pubmed_sequential_independent_sparse-on_priority-batch-class_mapping-low-bits_seed-1_layer-0.csv: OK
res/review-v13-final-bb5d5d8/raw/paper_paper_gcn_pubmed_sequential_independent_sparse-on_priority-batch-class_mapping-low-bits_seed-1_layer-0.json.gz: OK
res/review-v13-final-bb5d5d8/raw_file_manifest.csv: OK
res/review-v13-final-bb5d5d8/raw_lossless_validation.log: OK
res/review-v13-final-bb5d5d8/reference_metrics.json: OK
res/review-v13-final-bb5d5d8/revision_audit.json: OK
res/review-v13-final-bb5d5d8/revision_audit.log: OK
res/review-v13-final-bb5d5d8/text_hygiene.log: OK
res/review-v13-final-bb5d5d8/trace_validator_mutations.log: OK
res/review-v13-final-bb5d5d8/validation.exitcode: OK
res/review-v13-final-bb5d5d8/validation.log: OK
res/review-v13-final-bb5d5d8/validation_report.md: OK
res/review-v13-final-bb5d5d8/workload_manifest.json: OK
