config=PASS
window_evidence={"neighbors":[0,2,4,6],"window":[0,7],"address":0,"bytes":448,"internal_holes":3,"transactions":7}
F01_window_sliding_shrinking=PASS
edge_chunk_boundaries=PASS
output_address=PASS
combination_parallelism_evidence={"batches":1,"rows":64,"active_modules":8,"batch_waves":1}
systolic_model=PASS
hbm_layout_mapping=PASS
priority_trace_evidence={"edge0_complete":32,"input0_enqueue":32,"priority_input_issue":32,"fifo_input_issue":136,"priority_reorders":1}
coordinator_ordering=PASS
fragmentation_evidence={"blocks":128,"coalesced_cycles":271,"fragmented_cycles":271,"row_hits":64,"row_misses":64}
F02_fragmentation_invariance=PASS
aggregation_buffer=PASS
event_spm_guards=PASS
aggregation_operations=PASS
simulation_determinism=PASS
policy_matrix=PASS
feature_dispersion_address_bounds=PASS
pipeline_batching=PASS
producer_dependency_evidence={"output_requests":5,"intermediate_pairs":5,"latest_read_completion":561,"ce_start":561}
F03_producer_and_RAW_dependencies=PASS
all unit tests passed
