before_after_metric_delta.csv: OK
benchmark.log: OK
benchmark_report.json: OK
binary_source_sha256.txt: OK
clean_build.log: OK
clean_configure.log: OK
closure_report.md: OK
complete_trace_evidence.json: OK
complete_trace_validation.log: OK
config_source_parameter_diff.patch: OK
ctest.log: OK
effective_profile.ini: OK
evidence_manifest.json: OK
fifo_window_sensitivity.csv: OK
fifo_window_sensitivity.json: OK
fifo_window_sensitivity.log: OK
fig17_mechanism_investigation.md: OK
git_state_pre_evidence.txt: OK
gzip_validation.log: OK
implementation_commit.txt: OK
legacy_regression.log: OK
manifest_validation.log: OK
metric_table.csv: OK
model_sensitivity.csv: OK
model_sensitivity.json: OK
model_sensitivity.log: OK
openspec.log: OK
partition_sensitivity.csv: OK
partition_sensitivity.json: OK
partition_sensitivity.log: OK
profiles/HYGCN_PAPER.ini: OK
profiles/fifo_1.ini: OK
profiles/fifo_2.ini: OK
profiles/fifo_4.ini: OK
profiles/fifo_512.ini: OK
profiles/fifo_8.ini: OK
profiles/fifo_unbounded.ini: OK
profiles/model_baseline.ini: OK
profiles/model_direction_switching_slow.ini: OK
profiles/model_dram_timing_fast.ini: OK
profiles/model_dram_timing_slow.ini: OK
profiles/model_legacy_12_28_timing.ini: OK
profiles/model_neighbor_delay_0.ini: OK
profiles/model_neighbor_delay_4.ini: OK
profiles/model_row_first_interleave_2.ini: OK
profiles/model_single_hbm_stack_128gbps.ini: OK
profiles/model_write_timing_slow.ini: OK
profiles/partition_4mib.ini: OK
profiles/partition_5mib.ini: OK
profiles/partition_6mib.ini: OK
raw/paper_paper_gcn_citeseer_latency-aware_independent_sparse-off_priority-batch-class_mapping-low-bits_seed-1_scope-aggregation_layer-0.csv: OK
raw/paper_paper_gcn_citeseer_latency-aware_independent_sparse-off_priority-batch-class_mapping-low-bits_seed-1_scope-aggregation_layer-0.json.gz: OK
raw/paper_paper_gcn_citeseer_latency-aware_independent_sparse-on_priority-batch-class_mapping-low-bits_seed-1_layer-0.csv: OK
raw/paper_paper_gcn_citeseer_latency-aware_independent_sparse-on_priority-batch-class_mapping-low-bits_seed-1_layer-0.json.gz: OK
raw/paper_paper_gcn_citeseer_latency-aware_independent_sparse-on_priority-batch-class_mapping-low-bits_seed-1_scope-aggregation_layer-0.csv: OK
raw/paper_paper_gcn_citeseer_latency-aware_independent_sparse-on_priority-batch-class_mapping-low-bits_seed-1_scope-aggregation_layer-0.json.gz: OK
raw/paper_paper_gcn_citeseer_latency-aware_independent_sparse-on_priority-batch-class_mapping-row-first_seed-1_layer-0.csv: OK
raw/paper_paper_gcn_citeseer_latency-aware_independent_sparse-on_priority-batch-class_mapping-row-first_seed-1_layer-0.json.gz: OK
raw/paper_paper_gcn_citeseer_latency-aware_independent_sparse-on_priority-fifo_mapping-low-bits_seed-1_layer-0.csv: OK
raw/paper_paper_gcn_citeseer_latency-aware_independent_sparse-on_priority-fifo_mapping-low-bits_seed-1_layer-0.json.gz: OK
raw/paper_paper_gcn_citeseer_latency-aware_independent_sparse-on_priority-fifo_mapping-row-first_seed-1_layer-0.csv: OK
raw/paper_paper_gcn_citeseer_latency-aware_independent_sparse-on_priority-fifo_mapping-row-first_seed-1_layer-0.json.gz: OK
raw/paper_paper_gcn_citeseer_sequential_independent_sparse-on_priority-batch-class_mapping-low-bits_seed-1_layer-0.csv: OK
raw/paper_paper_gcn_citeseer_sequential_independent_sparse-on_priority-batch-class_mapping-low-bits_seed-1_layer-0.json.gz: OK
raw/paper_paper_gcn_cora_latency-aware_independent_sparse-off_priority-batch-class_mapping-low-bits_seed-1_scope-aggregation_layer-0.csv: OK
raw/paper_paper_gcn_cora_latency-aware_independent_sparse-off_priority-batch-class_mapping-low-bits_seed-1_scope-aggregation_layer-0.json.gz: OK
raw/paper_paper_gcn_cora_latency-aware_independent_sparse-on_priority-batch-class_mapping-low-bits_seed-1_layer-0.csv: OK
raw/paper_paper_gcn_cora_latency-aware_independent_sparse-on_priority-batch-class_mapping-low-bits_seed-1_layer-0.json.gz: OK
raw/paper_paper_gcn_cora_latency-aware_independent_sparse-on_priority-batch-class_mapping-low-bits_seed-1_scope-aggregation_layer-0.csv: OK
raw/paper_paper_gcn_cora_latency-aware_independent_sparse-on_priority-batch-class_mapping-low-bits_seed-1_scope-aggregation_layer-0.json.gz: OK
raw/paper_paper_gcn_cora_latency-aware_independent_sparse-on_priority-batch-class_mapping-row-first_seed-1_layer-0.csv: OK
raw/paper_paper_gcn_cora_latency-aware_independent_sparse-on_priority-batch-class_mapping-row-first_seed-1_layer-0.json.gz: OK
raw/paper_paper_gcn_cora_latency-aware_independent_sparse-on_priority-fifo_mapping-low-bits_seed-1_layer-0.csv: OK
raw/paper_paper_gcn_cora_latency-aware_independent_sparse-on_priority-fifo_mapping-low-bits_seed-1_layer-0.json.gz: OK
raw/paper_paper_gcn_cora_latency-aware_independent_sparse-on_priority-fifo_mapping-row-first_seed-1_layer-0.csv: OK
raw/paper_paper_gcn_cora_latency-aware_independent_sparse-on_priority-fifo_mapping-row-first_seed-1_layer-0.json.gz: OK
raw/paper_paper_gcn_cora_sequential_independent_sparse-on_priority-batch-class_mapping-low-bits_seed-1_layer-0.csv: OK
raw/paper_paper_gcn_cora_sequential_independent_sparse-on_priority-batch-class_mapping-low-bits_seed-1_layer-0.json.gz: OK
raw/paper_paper_gcn_pubmed_latency-aware_independent_sparse-off_priority-batch-class_mapping-low-bits_seed-1_scope-aggregation_layer-0.csv: OK
raw/paper_paper_gcn_pubmed_latency-aware_independent_sparse-off_priority-batch-class_mapping-low-bits_seed-1_scope-aggregation_layer-0.json.gz: OK
raw/paper_paper_gcn_pubmed_latency-aware_independent_sparse-on_priority-batch-class_mapping-low-bits_seed-1_layer-0.csv: OK
raw/paper_paper_gcn_pubmed_latency-aware_independent_sparse-on_priority-batch-class_mapping-low-bits_seed-1_layer-0.json.gz: OK
raw/paper_paper_gcn_pubmed_latency-aware_independent_sparse-on_priority-batch-class_mapping-low-bits_seed-1_scope-aggregation_layer-0.csv: OK
raw/paper_paper_gcn_pubmed_latency-aware_independent_sparse-on_priority-batch-class_mapping-low-bits_seed-1_scope-aggregation_layer-0.json.gz: OK
raw/paper_paper_gcn_pubmed_latency-aware_independent_sparse-on_priority-batch-class_mapping-row-first_seed-1_layer-0.csv: OK
raw/paper_paper_gcn_pubmed_latency-aware_independent_sparse-on_priority-batch-class_mapping-row-first_seed-1_layer-0.json.gz: OK
raw/paper_paper_gcn_pubmed_latency-aware_independent_sparse-on_priority-fifo_mapping-low-bits_seed-1_layer-0.csv: OK
raw/paper_paper_gcn_pubmed_latency-aware_independent_sparse-on_priority-fifo_mapping-low-bits_seed-1_layer-0.json.gz: OK
raw/paper_paper_gcn_pubmed_latency-aware_independent_sparse-on_priority-fifo_mapping-row-first_seed-1_layer-0.csv: OK
raw/paper_paper_gcn_pubmed_latency-aware_independent_sparse-on_priority-fifo_mapping-row-first_seed-1_layer-0.json.gz: OK
raw/paper_paper_gcn_pubmed_sequential_independent_sparse-on_priority-batch-class_mapping-low-bits_seed-1_layer-0.csv: OK
raw/paper_paper_gcn_pubmed_sequential_independent_sparse-on_priority-batch-class_mapping-low-bits_seed-1_layer-0.json.gz: OK
raw_file_manifest.csv: OK
raw_lossless_validation.log: OK
reference_metrics.json: OK
revision_audit.json: OK
text_hygiene.log: OK
trace_validator_mutations.log: OK
validation.exitcode: OK
validation.log: OK
validation_report.md: OK
workload_manifest.json: OK
