res/review-v10-final-aeb6aea/before_after_metric_delta.csv: OK
res/review-v10-final-aeb6aea/benchmark.log: OK
res/review-v10-final-aeb6aea/benchmark_report.json: OK
res/review-v10-final-aeb6aea/binary_source_sha256.txt: OK
res/review-v10-final-aeb6aea/clean_build.log: OK
res/review-v10-final-aeb6aea/clean_configure.log: OK
res/review-v10-final-aeb6aea/closure_report.md: OK
res/review-v10-final-aeb6aea/complete_trace_evidence.json: OK
res/review-v10-final-aeb6aea/complete_trace_validation.log: OK
res/review-v10-final-aeb6aea/config_source_parameter_diff.patch: OK
res/review-v10-final-aeb6aea/ctest.log: OK
res/review-v10-final-aeb6aea/effective_profile.ini: OK
res/review-v10-final-aeb6aea/evidence_manifest.json: OK
res/review-v10-final-aeb6aea/fifo_window_sensitivity.csv: OK
res/review-v10-final-aeb6aea/fifo_window_sensitivity.json: OK
res/review-v10-final-aeb6aea/fifo_window_sensitivity.log: OK
res/review-v10-final-aeb6aea/git_state_pre_evidence.txt: OK
res/review-v10-final-aeb6aea/gzip_validation.log: OK
res/review-v10-final-aeb6aea/implementation_commit.txt: OK
res/review-v10-final-aeb6aea/legacy_regression.log: OK
res/review-v10-final-aeb6aea/manifest_validation.log: OK
res/review-v10-final-aeb6aea/metric_table.csv: OK
res/review-v10-final-aeb6aea/model_sensitivity.csv: OK
res/review-v10-final-aeb6aea/model_sensitivity.json: OK
res/review-v10-final-aeb6aea/model_sensitivity.log: OK
res/review-v10-final-aeb6aea/openspec.log: OK
res/review-v10-final-aeb6aea/partition_sensitivity.csv: OK
res/review-v10-final-aeb6aea/partition_sensitivity.json: OK
res/review-v10-final-aeb6aea/partition_sensitivity.log: OK
res/review-v10-final-aeb6aea/profiles/HYGCN_PAPER.ini: OK
res/review-v10-final-aeb6aea/profiles/fifo_1.ini: OK
res/review-v10-final-aeb6aea/profiles/fifo_2.ini: OK
res/review-v10-final-aeb6aea/profiles/fifo_4.ini: OK
res/review-v10-final-aeb6aea/profiles/fifo_512.ini: OK
res/review-v10-final-aeb6aea/profiles/fifo_8.ini: OK
res/review-v10-final-aeb6aea/profiles/fifo_unbounded.ini: OK
res/review-v10-final-aeb6aea/profiles/model_baseline.ini: OK
res/review-v10-final-aeb6aea/profiles/model_direction_switching_slow.ini: OK
res/review-v10-final-aeb6aea/profiles/model_dram_timing_fast.ini: OK
res/review-v10-final-aeb6aea/profiles/model_dram_timing_slow.ini: OK
res/review-v10-final-aeb6aea/profiles/model_legacy_12_28_timing.ini: OK
res/review-v10-final-aeb6aea/profiles/model_neighbor_delay_0.ini: OK
res/review-v10-final-aeb6aea/profiles/model_neighbor_delay_4.ini: OK
res/review-v10-final-aeb6aea/profiles/model_row_first_interleave_2.ini: OK
res/review-v10-final-aeb6aea/profiles/model_single_hbm_stack_128gbps.ini: OK
res/review-v10-final-aeb6aea/profiles/model_write_timing_slow.ini: OK
res/review-v10-final-aeb6aea/profiles/partition_4mib.ini: OK
res/review-v10-final-aeb6aea/profiles/partition_5mib.ini: OK
res/review-v10-final-aeb6aea/profiles/partition_6mib.ini: OK
res/review-v10-final-aeb6aea/raw/paper_paper_gcn_citeseer_latency-aware_independent_sparse-off_priority-batch-class_mapping-low-bits_seed-1_scope-aggregation_layer-0.csv: OK
res/review-v10-final-aeb6aea/raw/paper_paper_gcn_citeseer_latency-aware_independent_sparse-off_priority-batch-class_mapping-low-bits_seed-1_scope-aggregation_layer-0.json.gz: OK
res/review-v10-final-aeb6aea/raw/paper_paper_gcn_citeseer_latency-aware_independent_sparse-on_priority-batch-class_mapping-low-bits_seed-1_layer-0.csv: OK
res/review-v10-final-aeb6aea/raw/paper_paper_gcn_citeseer_latency-aware_independent_sparse-on_priority-batch-class_mapping-low-bits_seed-1_layer-0.json.gz: OK
res/review-v10-final-aeb6aea/raw/paper_paper_gcn_citeseer_latency-aware_independent_sparse-on_priority-batch-class_mapping-low-bits_seed-1_scope-aggregation_layer-0.csv: OK
res/review-v10-final-aeb6aea/raw/paper_paper_gcn_citeseer_latency-aware_independent_sparse-on_priority-batch-class_mapping-low-bits_seed-1_scope-aggregation_layer-0.json.gz: OK
res/review-v10-final-aeb6aea/raw/paper_paper_gcn_citeseer_latency-aware_independent_sparse-on_priority-batch-class_mapping-row-first_seed-1_layer-0.csv: OK
res/review-v10-final-aeb6aea/raw/paper_paper_gcn_citeseer_latency-aware_independent_sparse-on_priority-batch-class_mapping-row-first_seed-1_layer-0.json.gz: OK
res/review-v10-final-aeb6aea/raw/paper_paper_gcn_citeseer_latency-aware_independent_sparse-on_priority-fifo_mapping-low-bits_seed-1_layer-0.csv: OK
res/review-v10-final-aeb6aea/raw/paper_paper_gcn_citeseer_latency-aware_independent_sparse-on_priority-fifo_mapping-low-bits_seed-1_layer-0.json.gz: OK
res/review-v10-final-aeb6aea/raw/paper_paper_gcn_citeseer_latency-aware_independent_sparse-on_priority-fifo_mapping-row-first_seed-1_layer-0.csv: OK
res/review-v10-final-aeb6aea/raw/paper_paper_gcn_citeseer_latency-aware_independent_sparse-on_priority-fifo_mapping-row-first_seed-1_layer-0.json.gz: OK
res/review-v10-final-aeb6aea/raw/paper_paper_gcn_citeseer_sequential_independent_sparse-on_priority-batch-class_mapping-low-bits_seed-1_layer-0.csv: OK
res/review-v10-final-aeb6aea/raw/paper_paper_gcn_citeseer_sequential_independent_sparse-on_priority-batch-class_mapping-low-bits_seed-1_layer-0.json.gz: OK
res/review-v10-final-aeb6aea/raw/paper_paper_gcn_cora_latency-aware_independent_sparse-off_priority-batch-class_mapping-low-bits_seed-1_scope-aggregation_layer-0.csv: OK
res/review-v10-final-aeb6aea/raw/paper_paper_gcn_cora_latency-aware_independent_sparse-off_priority-batch-class_mapping-low-bits_seed-1_scope-aggregation_layer-0.json.gz: OK
res/review-v10-final-aeb6aea/raw/paper_paper_gcn_cora_latency-aware_independent_sparse-on_priority-batch-class_mapping-low-bits_seed-1_layer-0.csv: OK
res/review-v10-final-aeb6aea/raw/paper_paper_gcn_cora_latency-aware_independent_sparse-on_priority-batch-class_mapping-low-bits_seed-1_layer-0.json.gz: OK
res/review-v10-final-aeb6aea/raw/paper_paper_gcn_cora_latency-aware_independent_sparse-on_priority-batch-class_mapping-low-bits_seed-1_scope-aggregation_layer-0.csv: OK
res/review-v10-final-aeb6aea/raw/paper_paper_gcn_cora_latency-aware_independent_sparse-on_priority-batch-class_mapping-low-bits_seed-1_scope-aggregation_layer-0.json.gz: OK
res/review-v10-final-aeb6aea/raw/paper_paper_gcn_cora_latency-aware_independent_sparse-on_priority-batch-class_mapping-row-first_seed-1_layer-0.csv: OK
res/review-v10-final-aeb6aea/raw/paper_paper_gcn_cora_latency-aware_independent_sparse-on_priority-batch-class_mapping-row-first_seed-1_layer-0.json.gz: OK
res/review-v10-final-aeb6aea/raw/paper_paper_gcn_cora_latency-aware_independent_sparse-on_priority-fifo_mapping-low-bits_seed-1_layer-0.csv: OK
res/review-v10-final-aeb6aea/raw/paper_paper_gcn_cora_latency-aware_independent_sparse-on_priority-fifo_mapping-low-bits_seed-1_layer-0.json.gz: OK
res/review-v10-final-aeb6aea/raw/paper_paper_gcn_cora_latency-aware_independent_sparse-on_priority-fifo_mapping-row-first_seed-1_layer-0.csv: OK
res/review-v10-final-aeb6aea/raw/paper_paper_gcn_cora_latency-aware_independent_sparse-on_priority-fifo_mapping-row-first_seed-1_layer-0.json.gz: OK
res/review-v10-final-aeb6aea/raw/paper_paper_gcn_cora_sequential_independent_sparse-on_priority-batch-class_mapping-low-bits_seed-1_layer-0.csv: OK
res/review-v10-final-aeb6aea/raw/paper_paper_gcn_cora_sequential_independent_sparse-on_priority-batch-class_mapping-low-bits_seed-1_layer-0.json.gz: OK
res/review-v10-final-aeb6aea/raw/paper_paper_gcn_pubmed_latency-aware_independent_sparse-off_priority-batch-class_mapping-low-bits_seed-1_scope-aggregation_layer-0.csv: OK
res/review-v10-final-aeb6aea/raw/paper_paper_gcn_pubmed_latency-aware_independent_sparse-off_priority-batch-class_mapping-low-bits_seed-1_scope-aggregation_layer-0.json.gz: OK
res/review-v10-final-aeb6aea/raw/paper_paper_gcn_pubmed_latency-aware_independent_sparse-on_priority-batch-class_mapping-low-bits_seed-1_layer-0.csv: OK
res/review-v10-final-aeb6aea/raw/paper_paper_gcn_pubmed_latency-aware_independent_sparse-on_priority-batch-class_mapping-low-bits_seed-1_layer-0.json.gz: OK
res/review-v10-final-aeb6aea/raw/paper_paper_gcn_pubmed_latency-aware_independent_sparse-on_priority-batch-class_mapping-low-bits_seed-1_scope-aggregation_layer-0.csv: OK
res/review-v10-final-aeb6aea/raw/paper_paper_gcn_pubmed_latency-aware_independent_sparse-on_priority-batch-class_mapping-low-bits_seed-1_scope-aggregation_layer-0.json.gz: OK
res/review-v10-final-aeb6aea/raw/paper_paper_gcn_pubmed_latency-aware_independent_sparse-on_priority-batch-class_mapping-row-first_seed-1_layer-0.csv: OK
res/review-v10-final-aeb6aea/raw/paper_paper_gcn_pubmed_latency-aware_independent_sparse-on_priority-batch-class_mapping-row-first_seed-1_layer-0.json.gz: OK
res/review-v10-final-aeb6aea/raw/paper_paper_gcn_pubmed_latency-aware_independent_sparse-on_priority-fifo_mapping-low-bits_seed-1_layer-0.csv: OK
res/review-v10-final-aeb6aea/raw/paper_paper_gcn_pubmed_latency-aware_independent_sparse-on_priority-fifo_mapping-low-bits_seed-1_layer-0.json.gz: OK
res/review-v10-final-aeb6aea/raw/paper_paper_gcn_pubmed_latency-aware_independent_sparse-on_priority-fifo_mapping-row-first_seed-1_layer-0.csv: OK
res/review-v10-final-aeb6aea/raw/paper_paper_gcn_pubmed_latency-aware_independent_sparse-on_priority-fifo_mapping-row-first_seed-1_layer-0.json.gz: OK
res/review-v10-final-aeb6aea/raw/paper_paper_gcn_pubmed_sequential_independent_sparse-on_priority-batch-class_mapping-low-bits_seed-1_layer-0.csv: OK
res/review-v10-final-aeb6aea/raw/paper_paper_gcn_pubmed_sequential_independent_sparse-on_priority-batch-class_mapping-low-bits_seed-1_layer-0.json.gz: OK
res/review-v10-final-aeb6aea/raw_file_manifest.csv: OK
res/review-v10-final-aeb6aea/raw_lossless_validation.log: OK
res/review-v10-final-aeb6aea/reference_metrics.json: OK
res/review-v10-final-aeb6aea/revision_audit.json: OK
res/review-v10-final-aeb6aea/text_hygiene.log: OK
res/review-v10-final-aeb6aea/trace_validator_mutations.log: OK
res/review-v10-final-aeb6aea/validation.exitcode: OK
res/review-v10-final-aeb6aea/validation.log: OK
res/review-v10-final-aeb6aea/validation_report.md: OK
res/review-v10-final-aeb6aea/workload_manifest.json: OK
