res/review-v5/bandwidth_scope_counterexample.json: OK
res/review-v5/benchmark.log: OK
res/review-v5/benchmark_report.json: OK
res/review-v5/binary_sha256.txt: OK
res/review-v5/calibration_holdout.csv: OK
res/review-v5/clean_build.log: OK
res/review-v5/clean_configure.log: OK
res/review-v5/closure_report.md: OK
res/review-v5/config_source_parameter_diff.patch: OK
res/review-v5/ctest.log: OK
res/review-v5/effective_profile.ini: OK
res/review-v5/evidence_manifest.json: OK
res/review-v5/external_path_evidence.txt: OK
res/review-v5/git_state.txt: OK
res/review-v5/implementation_commit.txt: OK
res/review-v5/implementation_sha.txt: OK
res/review-v5/json_validation.log: OK
res/review-v5/legacy_regression.log: OK
res/review-v5/mapping_distribution_evidence.json: OK
res/review-v5/metric_table.csv: OK
res/review-v5/model_profile_baseline.ini: OK
res/review-v5/model_profile_dram_timing_fast.ini: OK
res/review-v5/model_profile_dram_timing_slow.ini: OK
res/review-v5/model_profile_neighbor_delay_0.ini: OK
res/review-v5/model_profile_neighbor_delay_4.ini: OK
res/review-v5/model_profile_row_first_interleave_2.ini: OK
res/review-v5/model_sensitivity.csv: OK
res/review-v5/model_sensitivity.json: OK
res/review-v5/model_sensitivity.log: OK
res/review-v5/openspec.log: OK
res/review-v5/paper_paper_gcn_citeseer_latency-aware_independent_sparse-off_priority-batch-class_mapping-low-bits_seed-1_scope-aggregation_layer-0.csv: OK
res/review-v5/paper_paper_gcn_citeseer_latency-aware_independent_sparse-off_priority-batch-class_mapping-low-bits_seed-1_scope-aggregation_layer-0.json: OK
res/review-v5/paper_paper_gcn_citeseer_latency-aware_independent_sparse-on_priority-batch-class_mapping-low-bits_seed-1_layer-0.csv: OK
res/review-v5/paper_paper_gcn_citeseer_latency-aware_independent_sparse-on_priority-batch-class_mapping-low-bits_seed-1_layer-0.json: OK
res/review-v5/paper_paper_gcn_citeseer_latency-aware_independent_sparse-on_priority-batch-class_mapping-low-bits_seed-1_scope-aggregation_layer-0.csv: OK
res/review-v5/paper_paper_gcn_citeseer_latency-aware_independent_sparse-on_priority-batch-class_mapping-low-bits_seed-1_scope-aggregation_layer-0.json: OK
res/review-v5/paper_paper_gcn_citeseer_latency-aware_independent_sparse-on_priority-batch-class_mapping-row-first_seed-1_layer-0.csv: OK
res/review-v5/paper_paper_gcn_citeseer_latency-aware_independent_sparse-on_priority-batch-class_mapping-row-first_seed-1_layer-0.json: OK
res/review-v5/paper_paper_gcn_citeseer_latency-aware_independent_sparse-on_priority-fifo_mapping-low-bits_seed-1_layer-0.csv: OK
res/review-v5/paper_paper_gcn_citeseer_latency-aware_independent_sparse-on_priority-fifo_mapping-low-bits_seed-1_layer-0.json: OK
res/review-v5/paper_paper_gcn_citeseer_latency-aware_independent_sparse-on_priority-fifo_mapping-row-first_seed-1_layer-0.csv: OK
res/review-v5/paper_paper_gcn_citeseer_latency-aware_independent_sparse-on_priority-fifo_mapping-row-first_seed-1_layer-0.json: OK
res/review-v5/paper_paper_gcn_citeseer_sequential_independent_sparse-on_priority-batch-class_mapping-low-bits_seed-1_layer-0.csv: OK
res/review-v5/paper_paper_gcn_citeseer_sequential_independent_sparse-on_priority-batch-class_mapping-low-bits_seed-1_layer-0.json: OK
res/review-v5/paper_paper_gcn_cora_latency-aware_independent_sparse-off_priority-batch-class_mapping-low-bits_seed-1_scope-aggregation_layer-0.csv: OK
res/review-v5/paper_paper_gcn_cora_latency-aware_independent_sparse-off_priority-batch-class_mapping-low-bits_seed-1_scope-aggregation_layer-0.json: OK
res/review-v5/paper_paper_gcn_cora_latency-aware_independent_sparse-on_priority-batch-class_mapping-low-bits_seed-1_layer-0.csv: OK
res/review-v5/paper_paper_gcn_cora_latency-aware_independent_sparse-on_priority-batch-class_mapping-low-bits_seed-1_layer-0.json: OK
res/review-v5/paper_paper_gcn_cora_latency-aware_independent_sparse-on_priority-batch-class_mapping-low-bits_seed-1_scope-aggregation_layer-0.csv: OK
res/review-v5/paper_paper_gcn_cora_latency-aware_independent_sparse-on_priority-batch-class_mapping-low-bits_seed-1_scope-aggregation_layer-0.json: OK
res/review-v5/paper_paper_gcn_cora_latency-aware_independent_sparse-on_priority-batch-class_mapping-row-first_seed-1_layer-0.csv: OK
res/review-v5/paper_paper_gcn_cora_latency-aware_independent_sparse-on_priority-batch-class_mapping-row-first_seed-1_layer-0.json: OK
res/review-v5/paper_paper_gcn_cora_latency-aware_independent_sparse-on_priority-fifo_mapping-low-bits_seed-1_layer-0.csv: OK
res/review-v5/paper_paper_gcn_cora_latency-aware_independent_sparse-on_priority-fifo_mapping-low-bits_seed-1_layer-0.json: OK
res/review-v5/paper_paper_gcn_cora_latency-aware_independent_sparse-on_priority-fifo_mapping-row-first_seed-1_layer-0.csv: OK
res/review-v5/paper_paper_gcn_cora_latency-aware_independent_sparse-on_priority-fifo_mapping-row-first_seed-1_layer-0.json: OK
res/review-v5/paper_paper_gcn_cora_sequential_independent_sparse-on_priority-batch-class_mapping-low-bits_seed-1_layer-0.csv: OK
res/review-v5/paper_paper_gcn_cora_sequential_independent_sparse-on_priority-batch-class_mapping-low-bits_seed-1_layer-0.json: OK
res/review-v5/paper_paper_gcn_pubmed_latency-aware_independent_sparse-off_priority-batch-class_mapping-low-bits_seed-1_scope-aggregation_layer-0.csv: OK
res/review-v5/paper_paper_gcn_pubmed_latency-aware_independent_sparse-off_priority-batch-class_mapping-low-bits_seed-1_scope-aggregation_layer-0.json: OK
res/review-v5/paper_paper_gcn_pubmed_latency-aware_independent_sparse-on_priority-batch-class_mapping-low-bits_seed-1_layer-0.csv: OK
res/review-v5/paper_paper_gcn_pubmed_latency-aware_independent_sparse-on_priority-batch-class_mapping-low-bits_seed-1_layer-0.json: OK
res/review-v5/paper_paper_gcn_pubmed_latency-aware_independent_sparse-on_priority-batch-class_mapping-low-bits_seed-1_scope-aggregation_layer-0.csv: OK
res/review-v5/paper_paper_gcn_pubmed_latency-aware_independent_sparse-on_priority-batch-class_mapping-low-bits_seed-1_scope-aggregation_layer-0.json: OK
res/review-v5/paper_paper_gcn_pubmed_latency-aware_independent_sparse-on_priority-batch-class_mapping-row-first_seed-1_layer-0.csv: OK
res/review-v5/paper_paper_gcn_pubmed_latency-aware_independent_sparse-on_priority-batch-class_mapping-row-first_seed-1_layer-0.json: OK
res/review-v5/paper_paper_gcn_pubmed_latency-aware_independent_sparse-on_priority-fifo_mapping-low-bits_seed-1_layer-0.csv: OK
res/review-v5/paper_paper_gcn_pubmed_latency-aware_independent_sparse-on_priority-fifo_mapping-low-bits_seed-1_layer-0.json: OK
res/review-v5/paper_paper_gcn_pubmed_latency-aware_independent_sparse-on_priority-fifo_mapping-row-first_seed-1_layer-0.csv: OK
res/review-v5/paper_paper_gcn_pubmed_latency-aware_independent_sparse-on_priority-fifo_mapping-row-first_seed-1_layer-0.json: OK
res/review-v5/paper_paper_gcn_pubmed_sequential_independent_sparse-on_priority-batch-class_mapping-low-bits_seed-1_layer-0.csv: OK
res/review-v5/paper_paper_gcn_pubmed_sequential_independent_sparse-on_priority-batch-class_mapping-low-bits_seed-1_layer-0.json: OK
res/review-v5/parameter_baseline.json: OK
res/review-v5/parameter_diff.json: OK
res/review-v5/partition_sensitivity.json: OK
res/review-v5/partition_sensitivity.log: OK
res/review-v5/priority_incremental_table.csv: OK
res/review-v5/priority_trace_evidence.json: OK
res/review-v5/producer_timeline.csv: OK
res/review-v5/reference_manifest.log: OK
res/review-v5/request_class_row_hits.csv: OK
res/review-v5/scope_invariants.json: OK
res/review-v5/sensitivity_4mib.ini: OK
res/review-v5/sensitivity_5mib.ini: OK
res/review-v5/sensitivity_6mib.ini: OK
res/review-v5/sequential_traffic.json: OK
res/review-v5/text_hygiene.log: OK
res/review-v5/unit.log: OK
res/review-v5/validation.log: OK
res/review-v5/validation_report.md: OK
res/review-v5/window_requests.csv: OK
res/review-v5/workload_manifest.json: OK
